2026-03-31 13:40:30.425 [info] Python-envs extension version: 1.24.0
2026-03-31 13:40:30.425 [info] 
=== Python Envs Configuration Levels ===
2026-03-31 13:40:30.425 [info] {
  "section": "Python Envs Configuration Levels",
  "defaultEnvManager": {
    "workspaceFolderValue": "undefined",
    "workspaceValue": "undefined",
    "globalValue": "undefined",
    "defaultValue": "ms-python.python:venv"
  },
  "defaultPackageManager": {
    "workspaceFolderValue": "undefined",
    "workspaceValue": "undefined",
    "globalValue": "undefined",
    "defaultValue": "ms-python.python:pip"
  }
}
2026-03-31 13:40:30.425 [info] [pet] Starting Python Locator /app/.vscode-server/extensions/ms-python.vscode-python-envs-1.24.0-linux-x64/python-env-tools/bin/pet server
2026-03-31 13:40:30.425 [info] [pet] configure: Sending configuration update: {"workspaceDirectories":["/app"],"environmentDirectories":["/app/**/.venv"],"pipenvExecutable":"pipenv","poetryExecutable":"poetry","cacheDirectory":"/app/.vscode-server/data/User/globalStorage/ms-python.vscode-python-envs/pythonLocator"}
2026-03-31 13:40:31.350 [info] Discovered env: /usr/local/bin/python
2026-03-31 13:40:31.357 [info] Conda not found, turning off conda features. [Error: Conda not found
	at F (/app/.vscode-server/extensions/ms-python.vscode-python-envs-1.24.0-linux-x64/dist/extension.js:2:589558)
	at async L (/app/.vscode-server/extensions/ms-python.vscode-python-envs-1.24.0-linux-x64/dist/extension.js:2:589683)
	at async t.registerCondaFeatures (/app/.vscode-server/extensions/ms-python.vscode-python-envs-1.24.0-linux-x64/dist/extension.js:2:609488)
	at async t.safeRegister (/app/.vscode-server/extensions/ms-python.vscode-python-envs-1.24.0-linux-x64/dist/extension.js:2:280467)
	at async Promise.all (index 1)
	at async Immediate.<anonymous> (/app/.vscode-server/extensions/ms-python.vscode-python-envs-1.24.0-linux-x64/dist/extension.js:2:733663)]
2026-03-31 13:40:31.359 [info] [pet] Telemetry:  {"event":"RefreshPerformance","data":{"refreshPerformance":{"total":191,"breakdown":{"GlobalVirtualEnvs":0,"Locators":65,"Path":191,"Workspaces":1},"locators":{"Conda":4,"Homebrew":1,"LinuxGlobal":64,"PipEnv":0,"Pixi":0,"Poetry":0,"PyEnv":0,"Uv":0,"Venv":0,"VirtualEnv":0,"VirtualEnvWrapper":0}}}}
2026-03-31 13:40:31.382 [info] Discovered env: /usr/local/bin/python
2026-03-31 13:40:31.383 [info] Pipenv not found
2026-03-31 13:40:31.383 [info] Pipenv not found, turning off pipenv features. If you have pipenv installed in a non-standard location, set the "python.pipenvPath" setting.
2026-03-31 13:40:31.386 [info] [pet] Telemetry:  {"event":"RefreshPerformance","data":{"refreshPerformance":{"total":6,"breakdown":{"GlobalVirtualEnvs":0,"Locators":4,"Path":6,"Workspaces":1},"locators":{"Conda":3,"Homebrew":0,"LinuxGlobal":2,"PipEnv":0,"Pixi":0,"Poetry":0,"PyEnv":0,"Uv":0,"Venv":0,"VirtualEnv":0,"VirtualEnvWrapper":0}}}}
2026-03-31 13:40:31.390 [info] Discovered env: /usr/local/bin/python
2026-03-31 13:40:31.395 [info] Pyenv not found, turning off pyenv features.
2026-03-31 13:40:31.398 [info] [pet] Telemetry:  {"event":"RefreshPerformance","data":{"refreshPerformance":{"total":6,"breakdown":{"GlobalVirtualEnvs":0,"Locators":4,"Path":6,"Workspaces":1},"locators":{"Conda":4,"Homebrew":0,"LinuxGlobal":2,"PipEnv":0,"Pixi":0,"Poetry":0,"PyEnv":0,"Uv":0,"Venv":0,"VirtualEnv":0,"VirtualEnvWrapper":0}}}}
2026-03-31 13:40:31.402 [info] Discovered env: /usr/local/bin/python
2026-03-31 13:40:31.407 [info] Poetry not found, turning off poetry features.
2026-03-31 13:40:31.409 [info] [interpreterSelection] Applying initial environment selection for 1 workspace folder(s)
2026-03-31 13:40:31.410 [info] [pet] Telemetry:  {"event":"RefreshPerformance","data":{"refreshPerformance":{"total":7,"breakdown":{"GlobalVirtualEnvs":0,"Locators":4,"Path":7,"Workspaces":1},"locators":{"Conda":4,"Homebrew":0,"LinuxGlobal":2,"PipEnv":0,"Pixi":0,"Poetry":0,"PyEnv":0,"Uv":0,"Venv":0,"VirtualEnv":0,"VirtualEnvWrapper":0}}}}
2026-03-31 13:40:31.413 [info] Resolved Python Environment /usr/local/bin/python
2026-03-31 13:40:31.425 [info] Resolved Python Environment /usr/local/bin/python
2026-03-31 13:40:31.428 [info] Resolved Python Environment /usr/local/bin/python
2026-03-31 13:40:31.431 [info] Resolved Python Environment /usr/local/bin/python
2026-03-31 13:40:31.432 [info] [SYS_SET] scope=/app, project=/app, normalizedKey=/app, env=defaultInterpreterPath:/usr/local/bin/python
2026-03-31 13:40:31.530 [info] [interpreterSelection] app: defaultInterpreterPath: 3.11.15.final.0 (source: defaultInterpreterPath)
2026-03-31 13:40:31.531 [info] Python API: Changed environment from undefined to defaultInterpreterPath: 3.11.15.final.0 for: /app
2026-03-31 13:40:31.531 [info] Internal: Changed environment from undefined to defaultInterpreterPath: 3.11.15.final.0 for: /app
2026-03-31 13:40:31.534 [info] Resolved Python Environment /usr/local/bin/python
2026-03-31 13:40:31.537 [info] Resolved Python Environment /usr/local/bin/python
2026-03-31 13:40:31.539 [info] Resolved Python Environment /usr/local/bin/python
2026-03-31 13:40:31.554 [info] [interpreterSelection] global: defaultInterpreterPath: 3.11.15.final.0 (source: defaultInterpreterPath)
2026-03-31 13:40:31.565 [info] Environment discovery complete: 1 environments found (Global: 1)
2026-03-31 13:40:31.565 [info] Python API: Changed environment from undefined to defaultInterpreterPath: 3.11.15.final.0 for: global
2026-03-31 13:40:31.565 [info] Internal: Changed environment from undefined to defaultInterpreterPath: 3.11.15.final.0 for: global
2026-03-31 13:40:31.565 [info] Python API: Changed environment from defaultInterpreterPath: 3.11.15.final.0 to Python 3.11.15 for: /app
2026-03-31 13:40:31.565 [info] Internal: Changed environment from defaultInterpreterPath: 3.11.15.final.0 to Python 3.11.15 for: /app
